origin/472framework
origin/AccTestsParrallel
origin/AsyncDdApiVol2
origin/AtakMLFDelay
origin/AuchanVersionUpdateAfterTwenty
origin/AuthorizationRefactoring
origin/AutofacCrutchForDCApi
origin/AutofacInfectConsole
origin/AutofacTestOnWebAdmin
origin/BaltikaEdifactOrders
origin/BoxFeaturesRemoveObsoletes
origin/BugGenerating552
origin/ChangeLoadXmlinPatching
origin/CleanupTool
origin/ClientReleaseScript
origin/CloudAuchanN16
origin/CodeStyleConvetions
origin/ConfigUpdateUtils
origin/ConsoleAutofac
origin/CustomResharperRules
origin/DcWebAsync2
origin/DeleteProtocols
origin/DelivererLightSaveWarnFix
origin/DepartmentFilterConfigAdd
origin/DiffLibVersionsTest
origin/DocumentStorageRefactoring
origin/DotNet472
origin/EKtoCC
origin/EdiDllUpdates
origin/ExporterPacketModel
origin/FeatureForInterconnection
origin/FixApiKeys
origin/FixFsClient
origin/FixGoogleDaemonPullDzb
origin/FixSelenium
origin/FixingNewApi
origin/GlobalTimeline
origin/IgnoreForwardingTests
origin/MarkingJsonToXml
origin/MarkingSendingToApi
origin/MetricaStatAdd
origin/NestleExporterHotFix2
origin/PdfSharpLibUpdate
origin/PortalClientWithApiKey
origin/PostProcessingDaemonToHandler
origin/PrePatchingResultFix
origin/PrepareDocflowStatusProviderTests
origin/QueueRouting
origin/RawStyleConvetions
origin/RemoveExternUpdaterTest
origin/RepeatDeferedTasksRework
origin/RevocationStatusesFiltering
origin/Tmp2
origin/TmpNeslteKsfCRI
origin/TokenTestFix
origin/Twenty
origin/UpVersionsUtil
origin/WbdHeadLines
origin/WimmBillDannTests
origin/X5Cat
origin/X5RepeatTasks
origin/XpathExtensionCheckLogic
origin/XsltExtensionsInXPath
origin/branchForTest
origin/testBranch