AutofacTestOnWebAdmin
ChangeLoadXmlinPatching
DcWebAsync2
DiffLibVersionsTest
FixGoogleDaemonPullDzb
FixingNewApi
IikoUsingDlls
MetricaStatAdd
RemoveExternUpdaterTest
WbdHeadLines